and_or.metta	IN		AGREE	1	1
atomops.metta	IN		DIFF-COUNT	9	10
booleansolver.metta	IN		DIFF-COUNT	2	0
builin_types.metta	IN		DIFF-COUNT	36	37
callquoteevalreduce.metta	OUT	add-atom	DIFF-COUNT	4	3
callquoteevalreduce2.metta	IN		DIFF-VAL	4	4
case.metta	IN		AGREE	1	1
case2.metta	IN		AGREE	1	1
caseconstrain.metta	IN		DIFF-COUNT	1	0
caseempty.metta	IN		AGREE	2	2
casenew.metta	IN		DIFF-COUNT	1	0
chain.metta	IN		AGREE	2	2
collapse.metta	IN		AGREE	1	1
comments.metta	IN		AGREE	1	1
constanthead.metta	IN		AGREE	1	1
curry.metta	IN		DIFF-VAL	6	6
cut.metta	OUT	add-atom	DIFF-COUNT	2	3
empty.metta	IN		AGREE	1	1
eval.metta	OUT	match &	DIFF-VAL	2	2
factorial.metta	IN		AGREE	1	1
fib.metta	IN		AGREE	1	1
fibadd.metta	OUT	add-atom	DIFF-COUNT	2	1
fibsmart.metta	IN		AGREE	1	1
fibsmartimport.metta	IN		DIFF-COUNT	1	2
foldall.metta	IN		DIFF-COUNT	10	20
foldallmatch.metta	OUT	match &	DIFF-COUNT	2	4
foldallspacecount.metta	OUT	match &	DIFF-COUNT	1	3
forall.metta	IN		DIFF-COUNT	12	21
functionhead.metta	IN		DIFF-COUNT	2	0
functionhead2.metta	IN		DIFF-VAL	1	1
functionhead3.metta	IN		DIFF-VAL	6	6
functionremoval.metta	OUT	remove-atom	DIFF-COUNT	8	15
functionremovalspec.metta	OUT	remove-atom	DIFF-COUNT	6	12
functiontypes.metta	IN		DIFF-VAL	4	4
git_import.metta	OUT	git-import	DIFF-VAL	4	4
git_import2.metta	OUT	git-import	DIFF-COUNT	11	12
greedy_chess.metta	OUT	add-atom	PETTA-TIMEOUT		
he_assert.metta	OUT	assertEqual	DIFF-COUNT	5	6
he_atomspace.metta	OUT	add-atom	DIFF-COUNT	7	9
he_equalreduct.metta	IN		DIFF-COUNT	4	6
he_error.metta	IN		DIFF-COUNT	5	6
he_evaluation.metta	IN		DIFF-COUNT	4	5
he_math.metta	IN		AGREE	19	19
he_minimalmetta.metta	IN		PETTA-TIMEOUT		
he_quoting.metta	IN		DIFF-COUNT	6	5
he_types.metta	IN		DIFF-COUNT	7	8
holbenchmark.metta	IN		LEATTA-TIMEOUT	4	
holfunctions.metta	IN		DIFF-VAL	7	7
holfunctions_intrinsicop.metta	IN		DIFF-COUNT	1	0
hyperpose_primes.metta	IN		DIFF-COUNT	3	6
identity.metta	IN		AGREE	1	1
if.metta	IN		AGREE	1	1
if2.metta	IN		AGREE	1	1
if3.metta	IN		AGREE	1	1
if4.metta	IN		AGREE	1	1
ifcasenondet.metta	IN		AGREE	2	2
ifsimple.metta	IN		AGREE	1	1
invertfunction.metta	IN		DIFF-VAL	3	3
invertpeanoplus.metta	IN		DIFF-VAL	5	5
is_alpha_member_test.metta	IN		DIFF-COUNT	25	23
iter.metta	IN		AGREE	1	1
lambda.metta	IN		DIFF-VAL	7	7
let_superpose_if_case.metta	IN		AGREE	1	1
letext.metta	IN		AGREE	1	1
letlet.metta	IN		AGREE	1	1
letstar.metta	IN		AGREE	1	1
library.metta	IN		DIFF-COUNT	2	1
listhead.metta	IN		DIFF-COUNT	3	2
llm_cities.metta	OUT	sread	DIFF-COUNT	3	4
logicprog.metta	IN		AGREE	1	1
logicprogset.metta	IN		DIFF-COUNT	1	0
matchnested.metta	OUT	add-atom	DIFF-VAL	1	1
matchnested2.metta	OUT	add-atom	DIFF-VAL	1	1
matchsingle.metta	IN		DIFF-VAL	2	2
matchtypes.metta	IN		DIFF-COUNT	6	20
matespace.metta	OUT	add-atom	LEATTA-TIMEOUT	1	
matespace2.metta	OUT	add-atom	DIFF-VAL	1	1
matespacefast.metta	OUT	add-atom	LEATTA-TIMEOUT	1	
math.metta	IN		AGREE	19	19
meta_types.metta	IN		DIFF-VAL	6	6
metta4_prog.metta	OUT	add-atom	DIFF-VAL	3	3
metta4_streams.metta	OUT	add-atom	DIFF-VAL	5	5
mettaset.metta	OUT	add-atom	DIFF-COUNT	9	55
multicall.metta	IN		AGREE	1	1
multiset_operations.metta	IN		AGREE	4	4
mutex_and_transaction.metta	OUT	add-atom	DIFF-VAL	8	8
myinterpreter.metta	IN		DIFF-COUNT	4	0
nars_direct.metta	OUT	add-atom	DIFF-COUNT	7	4
nars_tuffy.metta	IN		DIFF-COUNT	1	2
nestedcons.metta	IN		DIFF-COUNT	1	0
nilbc.metta	OUT	bind!	DIFF-COUNT	25	28
once.metta	OUT	add-atom	DIFF-COUNT	2	3
parametric_types.metta	IN		DIFF-COUNT	1	3
parse.metta	IN		DIFF-VAL	5	5
partialdef.metta	IN		DIFF-VAL	2	2
patrick_iterate_fib.metta	IN		DIFF-VAL	2	2
patrick_iterate_quad.metta	IN		DIFF-VAL	2	2
patrick_test.metta	IN		DIFF-COUNT	4	3
peano.metta	OUT	add-atom	LEATTA-TIMEOUT	1	
peanofast.metta	OUT	add-atom	LEATTA-TIMEOUT	2	
permutations.metta	OUT	match &	LEATTA-TIMEOUT	1	
pln_direct.metta	OUT	add-atom	DIFF-COUNT	7	4
pln_roman.metta	IN		DIFF-COUNT	1	2
pln_tuffy.metta	IN		DIFF-COUNT	1	2
plntest.metta	IN		AGREE	1	1
plntestdirect.metta	IN		LEATTA-TIMEOUT	1	
prologimport.metta	OUT	import_prolog	DIFF-VAL	17	17
python.metta	OUT	py-call	DIFF-VAL	1	1
python_import.metta	OUT	py-call	DIFF-COUNT	2	3
recursive_types.metta	IN		DIFF-VAL	4	4
recursive_types2.metta	IN		AGREE	2	2
repl.metta	OUT	add-atom	PETTA-TIMEOUT		
repr.metta	IN		DIFF-VAL	6	6
roman_test.metta	IN		DIFF-COUNT	20	27
scale.metta	OUT	add-atom	DIFF-VAL	1	1
selfprog.metta	OUT	remove-atom	DIFF-VAL	4	4
smartdispatch.metta	IN		AGREE	1	1
spacefunction.metta	OUT	add-atom	DIFF-VAL	8	8
spaces.metta	OUT	add-atom	AGREE	1	1
spaces2.metta	OUT	match &	DIFF-VAL	3	3
spaces3.metta	OUT	add-atom	DIFF-VAL	7	7
spaces_find.metta	IN		DIFF-COUNT	1	2
spaces_removeallatoms.metta	IN		LEATTA-TIMEOUT	5	
spaces_succeedspredicate.metta	IN		DIFF-COUNT	3	2
specialize.metta	IN		DIFF-COUNT	12	4
specializecyclic.metta	IN		DIFF-COUNT	4	2
specializefunctiontypes.metta	OUT	match &	DIFF-COUNT	3	1
state.metta	OUT	bind!	DIFF-VAL	4	4
streamops.metta	IN		AGREE	4	4
string.metta	IN		AGREE	1	1
supercollapse.metta	IN		DIFF-VAL	1	1
superpose_nested.metta	IN		DIFF-VAL	1	1
superpose_primes.metta	IN		AGREE	1	1
tabling_fib.metta	IN		DIFF-VAL	3	3
test_alpha_unique_atom.metta	IN		AGREE	13	13
test_backward_v01.metta	OUT	match &	DIFF-COUNT	3	6
test_backward_v02.metta	OUT	match &	DIFF-VAL	2	2
test_backward_v03.metta	OUT	match &	DIFF-VAL	5	5
test_backward_v04.metta	OUT	match &	DIFF-VAL	5	5
test_backward_v05.metta	OUT	match &	DIFF-VAL	5	5
test_backward_v06.metta	OUT	match &	DIFF-VAL	7	7
test_backward_v06_fixed.metta	OUT	match &	DIFF-VAL	7	7
test_backward_v07.metta	OUT	match &	DIFF-VAL	5	5
test_backward_v08.metta	OUT	match &	DIFF-VAL	5	5
test_backward_v09.metta	OUT	match &	DIFF-VAL	10	10
test_collapse.metta	OUT	match &	DIFF-VAL	5	5
test_deduce_raw.metta	OUT	match &	DIFF-VAL	3	3
test_evidence_kind.metta	IN		DIFF-COUNT	5	6
test_evidence_kind_import.metta	IN		DIFF-VAL	6	6
test_evidence_kind_inline.metta	IN		AGREE	5	5
test_let_match.metta	OUT	match &	DIFF-VAL	3	3
test_match_3arg.metta	OUT	match &	DIFF-VAL	3	3
test_match_simple.metta	OUT	match &	DIFF-VAL	5	5
test_match_simple2.metta	OUT	match &	AGREE	1	1
test_nal_import.metta	IN		DIFF-VAL	5	5
test_nal_test_primitive.metta	OUT	match &	DIFF-VAL	9	9
test_nal_v032.metta	IN		DIFF-VAL	7	7
test_nal_v033.metta	IN		DIFF-VAL	5	5
test_nal_v034.metta	IN		DIFF-VAL	7	7
test_protocosmoMain.metta	IN		DIFF-VAL	2	2
test_string_comments.metta	IN		DIFF-VAL	11	11
test_stv_match.metta	OUT	match &	DIFF-VAL	2	2
test_ulc_accessors.metta	IN		DIFF-VAL	3	3
test_unify_eval_branches.metta	IN		DIFF-VAL	6	6
tests.metta	IN		AGREE	1	1
tilepuzzle.metta	IN		LEATTA-TIMEOUT	1	
torch.metta	OUT	py-call	DIFF-VAL	1	1
translatepredicate.metta	OUT	translatePredicate	DIFF-VAL	1	1
translatorrule.metta	IN		DIFF-VAL	5	5
translatorrule_fib.metta	IN		DIFF-VAL	2	2
translatorrule_for.metta	IN		DIFF-VAL	2	2
twostage.metta	IN		AGREE	2	2
types.metta	IN		DIFF-VAL	13	13
types_dependent.metta	IN		DIFF-VAL	2	2
types_nondet.metta	IN		DIFF-COUNT	3	4
xor.metta	IN		AGREE	2	2

# corpus=176 in-fragment=114 (64%) agree=40/114 (35% of in-fragment)
# in-fragment verdicts: {'AGREE': 40, 'DIFF-COUNT': 35, 'DIFF-VAL': 34, 'PETTA-TIMEOUT': 1, 'LEATTA-TIMEOUT': 4}
