builin_types.metta	OUT		DIFF-COUNT	37	36
fibsmartimport.metta	OUT		DIFF-COUNT	3	1
git_import.metta	OUT		LEATTA-NOOUT	4	
git_import2.metta	OUT		LEATTA-NOOUT	11	
he_assert.metta	OUT		DIFF-COUNT	6	5
he_atomspace.metta	OUT		DIFF-COUNT	9	8
he_equalreduct.metta	OUT		DIFF-COUNT	5	4
he_error.metta	OUT		DIFF-COUNT	6	3
he_evaluation.metta	OUT		DIFF-COUNT	11	4
he_minimalmetta.metta	OUT		LEATTA-TIMEOUT	2	
he_quoting.metta	OUT		DIFF-COUNT	7	6
he_types.metta	OUT		DIFF-COUNT	8	7
library.metta	OUT		AGREE	2	2
llm_cities.metta	OUT		DIFF-VAL	1	1
nars_direct.metta	OUT		AGREE	7	7
nars_tuffy.metta	OUT		DIFF-COUNT	0	1
patrick_iterate_fib.metta	OUT		AGREE	2	2
patrick_iterate_quad.metta	OUT		LEATTA-TIMEOUT	2	
patrick_test.metta	OUT		AGREE	4	4
pln_direct.metta	OUT		AGREE	7	7
pln_roman.metta	OUT		LEATTA-TIMEOUT	102	
pln_tuffy.metta	OUT		DIFF-COUNT	32	1
prologimport.metta	OUT		DIFF-COUNT	1	3
python_import.metta	OUT		DIFF-COUNT	3	2
roman_test.metta	OUT		DIFF-COUNT	27	18
spaces_find.metta	OUT		DIFF-COUNT	2	1
spaces_removeallatoms.metta	OUT		AGREE	5	5
spaces_succeedspredicate.metta	OUT		AGREE	3	3
tabling_fib.metta	OUT		AGREE	3	3
test_backward_v01.metta	OUT		DIFF-COUNT	3	6
test_backward_v04.metta	OUT		AGREE	5	5
test_backward_v05.metta	OUT		AGREE	5	5
test_backward_v06.metta	OUT		AGREE	7	7
test_backward_v06_fixed.metta	OUT		AGREE	7	7
test_backward_v07.metta	OUT		AGREE	5	5
test_backward_v08.metta	OUT		AGREE	5	5
test_backward_v09.metta	OUT		AGREE	10	10
test_collapse.metta	OUT		AGREE	5	5
test_deduce_raw.metta	OUT		AGREE	3	3
test_evidence_kind.metta	OUT		AGREE	5	5
test_evidence_kind_import.metta	OUT		AGREE	6	6
test_let_match.metta	OUT		AGREE	3	3
test_match_simple.metta	OUT		AGREE	5	5
test_nal_import.metta	OUT		AGREE	5	5
test_nal_test_primitive.metta	OUT		AGREE	9	9
test_nal_v032.metta	OUT		AGREE	7	7
test_nal_v033.metta	OUT		AGREE	5	5
test_nal_v034.metta	OUT		AGREE	7	7
test_protocosmoMain.metta	OUT		AGREE	2	2
test_ulc_accessors.metta	OUT		AGREE	3	3
test_unify_eval_branches.metta	OUT		AGREE	6	6
tilepuzzle.metta	OUT		DIFF-COUNT	2	0
